/home/user02/miniconda3/lib/python3.10/site-packages/lightning/fabric/utilities/seed.py:44: No seed found, seed set to 0
[rank: 0] Seed set to 0
Using bfloat16 Automatic Mixed Precision (AMP)
GPU available: True (cuda), used: True
TPU available: False, using: 0 TPU cores
💡 Tip: For seamless cloud logging and experiment tracking, try installing [litlogger](https://pypi.org/project/litlogger/) to enable LitLogger, which logs metrics and artifacts automatically to the Lightning Experiments platform.
You are using a CUDA device ('NVIDIA A100-SXM4-80GB') that has Tensor Cores. To properly utilize them, you should set `torch.set_float32_matmul_precision('medium' | 'high')` which will trade-off precision for performance. For more details, read https://pytorch.org/docs/stable/generated/torch.set_float32_matmul_precision.html#torch.set_float32_matmul_precision
Initializing distributed: GLOBAL_RANK: 0, MEMBER: 1/1
----------------------------------------------------------------------------------------------------
distributed_backend=nccl
All distributed processes registered. Starting with 1 processes
----------------------------------------------------------------------------------------------------

wandb: WARNING The anonymous setting has no effect and will be removed in a future version.
wandb: [wandb.login()] Loaded credentials for https://api.wandb.ai from /home/user02/.netrc.
wandb: Currently logged in as: banalaxis93 to https://api.wandb.ai. Use `wandb login --relogin` to force relogin
wandb: setting up run n2z4l4ft
wandb: Tracking run with wandb version 0.26.0
wandb: Run data is saved locally in wandb/run-20260424_215757-n2z4l4ft
wandb: Run `wandb offline` to turn off syncing.
wandb: Syncing run stage1-image
wandb: ⭐️ View project at https://wandb.ai/banalaxis93/mavt
wandb: 🚀 View run at https://wandb.ai/banalaxis93/mavt/runs/n2z4l4ft
